
> coders-companion@0.1.0 build
> next build

npm.cmd : '"node"' is not recognized as an internal 
or external command,
At line:1 char:43
+ ... ox\ed-main; & 'C:\Program 
Files\nodejs\npm.cmd' run build 2>&1 | Tee- ...
+                 
~~~~~~~~~~~~~~~~~~~~~~~~~~~~~~~~~~~~~~~~~~~~~~~~~~
    + CategoryInfo          : NotSpecified: ('"node" 
   ' is not...ternal command,:String) [], RemoteExc  
  eption
    + FullyQualifiedErrorId : NativeCommandError
 
operable program or batch file.
